2025-06-18 20:10:09,302 - INFO - Scheduler started. Scraper will run daily at 9:00 AM
2025-06-18 20:14:44,952 - INFO - Scheduler started. Scraper will run daily at 9:00 PM
2025-06-18 20:14:44,952 - INFO - Starting daily scraper run...
2025-06-18 20:15:55,827 - INFO - Scraper completed successfully!
2025-06-18 20:15:55,827 - INFO - Output: Loading page...
Page loaded. Waiting for network requests...
Processing 470 performance logs...
Found request to: https://hiring.cafe/api/search-jobs/get-total-count
Intercepted payload: {"searchState":{"locations":[{"formatted_address":"United States","types":["country"],"geometry":{"location":{"lat":"40.0146","lon":"-75.7136"}},"id":"user_country","address_components":[{"long_name":"United States","short_name":"US","types":["country"]}],"options":{"flexible_regions":["anywhere_in_continent","anywhere_in_world"]}}],"workplaceTypes":["Remote","Hybrid","Onsite"],"defaultToUserLocation":true,"userLocation":null,"physicalEnvironments":["Office","Outdoor","Vehicle","Industrial","Customer-Facing"],"physicalLaborIntensity":["Low","Medium","High"],"physicalPositions":["Sitting","Standing"],"oralCommunicationLevels":["Low","Medium","High"],"computerUsageLevels":["Low","Medium","High"],"cognitiveDemandLevels":["Low","Medium","High"],"currency":{"label":"Any","value":null},"frequency":{"label":"Any","value":null},"minCompensationLowEnd":null,"minCompensationHighEnd":null,"maxCompensationLowEnd":null,"maxCompensationHighEnd":null,"restrictJobsToTransparentSalaries":false,"calcFrequency":"Yearly","commitmentTypes":["Full Time","Part Time","Contract","Internship","Temporary","Seasonal","Volunteer"],"jobTitleQuery":"","jobDescriptionQuery":"","associatesDegreeFieldsOfStudy":[],"excludedAssociatesDegreeFieldsOfStudy":[],"bachelorsDegreeFieldsOfStudy":[],"excludedBachelorsDegreeFieldsOfStudy":[],"mastersDegreeFieldsOfStudy":[],"excludedMastersDegreeFieldsOfStudy":[],"doctorateDegreeFieldsOfStudy":[],"excludedDoctorateDegreeFieldsOfStudy":[],"associatesDegreeRequirements":[],"bachelorsDegreeRequirements":[],"mastersDegreeRequirements":[],"doctorateDegreeRequirements":[],"licensesAndCertifications":[],"excludedLicensesAndCertifications":[],"excludeAllLicensesAndCertifications":false,"seniorityLevel":["No Prior Experience Required","Entry Level","Mid Level","Senior Level"],"roleTypes":["Individual Contributor","People Manager"],"roleYoeRange":[0,20],"excludeIfRoleYoeIsNotSpecified":false,"managementYoeRange":[0,20],"excludeIfManagementYoeIsNotSpecified":false,"securityClearances":["None","Confidential","Secret","Top Secret","Top Secret/SCI","Public Trust","Interim Clearances","Other"],"languageRequirements":[],"excludedLanguageRequirements":[],"languageRequirementsOperator":"OR","excludeJobsWithAdditionalLanguageRequirements":false,"airTravelRequirement":["None","Minimal","Moderate","Extensive"],"landTravelRequirement":["None","Minimal","Moderate","Extensive"],"morningShiftWork":[],"eveningShiftWork":[],"overnightShiftWork":[],"weekendAvailabilityRequired":"Doesn't Matter","holidayAvailabilityRequired":"Doesn't Matter","overtimeRequired":"Doesn't Matter","onCallRequirements":["None","Occasional (once a month or less)","Regular (once a week or more)"],"benefitsAndPerks":[],"applicationFormEase":[],"companyNames":[],"excludedCompanyNames":[],"usaGovPref":null,"industries":[],"excludedIndustries":[],"companyKeywords":[],"companyKeywordsBooleanOperator":"OR","excludedCompanyKeywords":[],"hideJobTypes":[],"encouragedToApply":[],"searchQuery":"","dateFetchedPastNDays":-1,"hiddenCompanies":[],"user":null,"searchModeSelectedCompany":null,"departments":[],"restrictedSearchAttributes":[],"sortBy":"compensation_desc","technologyKeywordsQuery":"","requirementsKeywordsQuery":"","companyPublicOrPrivate":"all","latestInvestmentYearRange":[null,null],"latestInvestmentSeries":[],"latestInvestmentAmount":null,"latestInvestmentCurrency":[],"investors":[],"excludedInvestors":[],"isNonProfit":"all","companySizeRanges":[],"minYearFounded":null,"maxYearFounded":null,"excludedLatestInvestmentSeries":[]}}
Got 1 cookies from Selenium
Using intercepted payload
Final payload: {
  "searchState": {
    "locations": [
      {
        "formatted_address": "United States",
        "types": [
          "country"
        ],
        "geometry": {
          "location": {
            "lat": "40.0146",
            "lon": "-75.7136"
          }
        },
        "id": "user_country",
        "address_components": [
          {
            "long_name": "United States",
            "short_name": "US",
            "types": [
              "country"
            ]
          }
        ],
        "options": {
          "flexible_regions": [
            "anywhere_in_continent",
            "anywhere_in_world"
          ]
        }
      }
    ],
    "workplaceTypes": [
      "Remote",
      "Hybrid",
      "Onsite"
    ],
    "defaultToUserLocation": true,
    "userLocation": null,
    "physicalEnvironments": [
      "Office",
      "Outdoor",
      "Vehicle",
      "Industrial",
      "Customer-Facing"
    ],
    "physicalLaborIntensity": [
      "Low",
      "Medium",
      "High"
    ],
    "physicalPositions": [
      "Sitting",
      "Standing"
    ],
    "oralCommunicationLevels": [
      "Low",
      "Medium",
      "High"
    ],
    "computerUsageLevels": [
      "Low",
      "Medium",
      "High"
    ],
    "cognitiveDemandLevels": [
      "Low",
      "Medium",
      "High"
    ],
    "currency": {
      "label": "Any",
      "value": null
    },
    "frequency": {
      "label": "Any",
      "value": null
    },
    "minCompensationLowEnd": null,
    "minCompensationHighEnd": null,
    "maxCompensationLowEnd": null,
    "maxCompensationHighEnd": null,
    "restrictJobsToTransparentSalaries": false,
    "calcFrequency": "Yearly",
    "commitmentTypes": [
      "Full Time",
      "Part Time",
      "Contract",
      "Internship",
      "Temporary",
      "Seasonal",
      "Volunteer"
    ],
    "jobTitleQuery": "",
    "jobDescriptionQuery": "",
    "associatesDegreeFieldsOfStudy": [],
    "excludedAssociatesDegreeFieldsOfStudy": [],
    "bachelorsDegreeFieldsOfStudy": [],
    "excludedBachelorsDegreeFieldsOfStudy": [],
    "mastersDegreeFieldsOfStudy": [],
    "excludedMastersDegreeFieldsOfStudy": [],
    "doctorateDegreeFieldsOfStudy": [],
    "excludedDoctorateDegreeFieldsOfStudy": [],
    "associatesDegreeRequirements": [],
    "bachelorsDegreeRequirements": [],
    "mastersDegreeRequirements": [],
    "doctorateDegreeRequirements": [],
    "licensesAndCertifications": [],
    "excludedLicensesAndCertifications": [],
    "excludeAllLicensesAndCertifications": false,
    "seniorityLevel": [
      "No Prior Experience Required",
      "Entry Level",
      "Mid Level",
      "Senior Level"
    ],
    "roleTypes": [
      "Individual Contributor",
      "People Manager"
    ],
    "roleYoeRange": [
      0,
      20
    ],
    "excludeIfRoleYoeIsNotSpecified": false,
    "managementYoeRange": [
      0,
      20
    ],
    "excludeIfManagementYoeIsNotSpecified": false,
    "securityClearances": [
      "None",
      "Confidential",
      "Secret",
      "Top Secret",
      "Top Secret/SCI",
      "Public Trust",
      "Interim Clearances",
      "Other"
    ],
    "languageRequirements": [],
    "excludedLanguageRequirements": [],
    "languageRequirementsOperator": "OR",
    "excludeJobsWithAdditionalLanguageRequirements": false,
    "airTravelRequirement": [
      "None",
      "Minimal",
      "Moderate",
      "Extensive"
    ],
    "landTravelRequirement": [
      "None",
      "Minimal",
      "Moderate",
      "Extensive"
    ],
    "morningShiftWork": [],
    "eveningShiftWork": [],
    "overnightShiftWork": [],
    "weekendAvailabilityRequired": "Doesn't Matter",
    "holidayAvailabilityRequired": "Doesn't Matter",
    "overtimeRequired": "Doesn't Matter",
    "onCallRequirements": [
      "None",
      "Occasional (once a month or less)",
      "Regular (once a week or more)"
    ],
    "benefitsAndPerks": [],
    "applicationFormEase": [],
    "companyNames": [],
    "excludedCompanyNames": [],
    "usaGovPref": null,
    "industries": [],
    "excludedIndustries": [],
    "companyKeywords": [],
    "companyKeywordsBooleanOperator": "OR",
    "excludedCompanyKeywords": [],
    "hideJobTypes": [],
    "encouragedToApply": [],
    "searchQuery": "",
    "dateFetchedPastNDays": -1,
    "hiddenCompanies": [],
    "user": null,
    "searchModeSelectedCompany": null,
    "departments": [],
    "restrictedSearchAttributes": [],
    "sortBy": "compensation_desc",
    "technologyKeywordsQuery": "",
    "requirementsKeywordsQuery": "",
    "companyPublicOrPrivate": "all",
    "latestInvestmentYearRange": [
      null,
      null
    ],
    "latestInvestmentSeries": [],
    "latestInvestmentAmount": null,
    "latestInvestmentCurrency": [],
    "investors": [],
    "excludedInvestors": [],
    "isNonProfit": "all",
    "companySizeRanges": [],
    "minYearFounded": null,
    "maxYearFounded": null,
    "excludedLatestInvestmentSeries": []
  }
}
Making POST request to https://hiring.cafe/api/search-jobs?searchState=%7B%22sortBy%22%3A%22compensation_desc%22%2C%22dateFetchedPastNDays%22%3A-1%7D...
Headers: {
  "Accept": "application/json, text/plain, */*",
  "Accept-Language": "en-US,en;q=0.9",
  "Accept-Encoding": "gzip, deflate, br",
  "Content-Type": "application/json",
  "Origin": "https://hiring.cafe",
  "Referer": "https://hiring.cafe/",
  "User-Agent": "Mozilla/5.0 (Windows NT 10.0; Win64; x64) AppleWebKit/537.36 (KHTML, like Gecko) Chrome/122.0.0.0 Safari/537.36",
  "Sec-Ch-Ua": "\"Chromium\";v=\"122\", \"Not(A:Brand\";v=\"24\", \"Google Chrome\";v=\"122\"",
  "Sec-Ch-Ua-Mobile": "?0",
  "Sec-Ch-Ua-Platform": "\"Windows\"",
  "Sec-Fetch-Dest": "empty",
  "Sec-Fetch-Mode": "cors",
  "Sec-Fetch-Site": "same-origin"
}
Response status: 200
Response headers: {'Cache-Control': 'public, max-age=0, must-revalidate', 'Content-Encoding': 'br', 'Content-Type': 'application/json; charset=utf-8', 'Date': 'Thu, 19 Jun 2025 00:17:28 GMT', 'Etag': 'W/"5iiorjumbd1hx5t"', 'Server': 'Vercel', 'Strict-Transport-Security': 'max-age=63072000', 'X-Matched-Path': '/api/search-jobs', 'X-Vercel-Cache': 'MISS', 'X-Vercel-Id': 'iad1::cle1::q84cq-1750292248230-3659e2c02d2e', 'X-Vercel-Ip-As-Number': '701', 'X-Vercel-Ip-City': 'Downingtown', 'X-Vercel-Ip-Continent': 'NA', 'X-Vercel-Ip-Country': 'US', 'X-Vercel-Ip-Country-Region': 'PA', 'X-Vercel-Ip-Latitude': '40.0146', 'X-Vercel-Ip-Longitude': '-75.7136', 'X-Vercel-Ip-Postal-Code': '19335', 'X-Vercel-Ip-Timezone': 'America/New_York', 'Transfer-Encoding': 'chunked'}
Success!
Response saved to src/data/jobs_data.json

2025-06-19 20:04:23,473 - INFO - Starting daily scraper run...
2025-06-19 20:05:38,835 - INFO - Scraper completed successfully!
2025-06-19 20:05:38,835 - INFO - Output: Loading page...
Page loaded. Waiting for network requests...
Processing 596 performance logs...
Found request to: https://hiring.cafe/api/search-jobs/get-total-count
Intercepted payload: {"searchState":{"locations":[{"formatted_address":"United States","types":["country"],"geometry":{"location":{"lat":"40.0146","lon":"-75.7136"}},"id":"user_country","address_components":[{"long_name":"United States","short_name":"US","types":["country"]}],"options":{"flexible_regions":["anywhere_in_continent","anywhere_in_world"]}}],"workplaceTypes":["Remote","Hybrid","Onsite"],"defaultToUserLocation":true,"userLocation":null,"physicalEnvironments":["Office","Outdoor","Vehicle","Industrial","Customer-Facing"],"physicalLaborIntensity":["Low","Medium","High"],"physicalPositions":["Sitting","Standing"],"oralCommunicationLevels":["Low","Medium","High"],"computerUsageLevels":["Low","Medium","High"],"cognitiveDemandLevels":["Low","Medium","High"],"currency":{"label":"Any","value":null},"frequency":{"label":"Any","value":null},"minCompensationLowEnd":null,"minCompensationHighEnd":null,"maxCompensationLowEnd":null,"maxCompensationHighEnd":null,"restrictJobsToTransparentSalaries":false,"calcFrequency":"Yearly","commitmentTypes":["Full Time","Part Time","Contract","Internship","Temporary","Seasonal","Volunteer"],"jobTitleQuery":"","jobDescriptionQuery":"","associatesDegreeFieldsOfStudy":[],"excludedAssociatesDegreeFieldsOfStudy":[],"bachelorsDegreeFieldsOfStudy":[],"excludedBachelorsDegreeFieldsOfStudy":[],"mastersDegreeFieldsOfStudy":[],"excludedMastersDegreeFieldsOfStudy":[],"doctorateDegreeFieldsOfStudy":[],"excludedDoctorateDegreeFieldsOfStudy":[],"associatesDegreeRequirements":[],"bachelorsDegreeRequirements":[],"mastersDegreeRequirements":[],"doctorateDegreeRequirements":[],"licensesAndCertifications":[],"excludedLicensesAndCertifications":[],"excludeAllLicensesAndCertifications":false,"seniorityLevel":["No Prior Experience Required","Entry Level","Mid Level","Senior Level"],"roleTypes":["Individual Contributor","People Manager"],"roleYoeRange":[0,20],"excludeIfRoleYoeIsNotSpecified":false,"managementYoeRange":[0,20],"excludeIfManagementYoeIsNotSpecified":false,"securityClearances":["None","Confidential","Secret","Top Secret","Top Secret/SCI","Public Trust","Interim Clearances","Other"],"languageRequirements":[],"excludedLanguageRequirements":[],"languageRequirementsOperator":"OR","excludeJobsWithAdditionalLanguageRequirements":false,"airTravelRequirement":["None","Minimal","Moderate","Extensive"],"landTravelRequirement":["None","Minimal","Moderate","Extensive"],"morningShiftWork":[],"eveningShiftWork":[],"overnightShiftWork":[],"weekendAvailabilityRequired":"Doesn't Matter","holidayAvailabilityRequired":"Doesn't Matter","overtimeRequired":"Doesn't Matter","onCallRequirements":["None","Occasional (once a month or less)","Regular (once a week or more)"],"benefitsAndPerks":[],"applicationFormEase":[],"companyNames":[],"excludedCompanyNames":[],"usaGovPref":null,"industries":[],"excludedIndustries":[],"companyKeywords":[],"companyKeywordsBooleanOperator":"OR","excludedCompanyKeywords":[],"hideJobTypes":[],"encouragedToApply":[],"searchQuery":"","dateFetchedPastNDays":121,"hiddenCompanies":[],"user":null,"searchModeSelectedCompany":null,"departments":[],"restrictedSearchAttributes":[],"sortBy":"default","technologyKeywordsQuery":"","requirementsKeywordsQuery":"","companyPublicOrPrivate":"all","latestInvestmentYearRange":[null,null],"latestInvestmentSeries":[],"latestInvestmentAmount":null,"latestInvestmentCurrency":[],"investors":[],"excludedInvestors":[],"isNonProfit":"all","companySizeRanges":[],"minYearFounded":null,"maxYearFounded":null,"excludedLatestInvestmentSeries":[]}}
Got 1 cookies from Selenium
Using intercepted payload
Final payload: {
  "searchState": {
    "locations": [
      {
        "formatted_address": "United States",
        "types": [
          "country"
        ],
        "geometry": {
          "location": {
            "lat": "40.0146",
            "lon": "-75.7136"
          }
        },
        "id": "user_country",
        "address_components": [
          {
            "long_name": "United States",
            "short_name": "US",
            "types": [
              "country"
            ]
          }
        ],
        "options": {
          "flexible_regions": [
            "anywhere_in_continent",
            "anywhere_in_world"
          ]
        }
      }
    ],
    "workplaceTypes": [
      "Remote",
      "Hybrid",
      "Onsite"
    ],
    "defaultToUserLocation": true,
    "userLocation": null,
    "physicalEnvironments": [
      "Office",
      "Outdoor",
      "Vehicle",
      "Industrial",
      "Customer-Facing"
    ],
    "physicalLaborIntensity": [
      "Low",
      "Medium",
      "High"
    ],
    "physicalPositions": [
      "Sitting",
      "Standing"
    ],
    "oralCommunicationLevels": [
      "Low",
      "Medium",
      "High"
    ],
    "computerUsageLevels": [
      "Low",
      "Medium",
      "High"
    ],
    "cognitiveDemandLevels": [
      "Low",
      "Medium",
      "High"
    ],
    "currency": {
      "label": "Any",
      "value": null
    },
    "frequency": {
      "label": "Any",
      "value": null
    },
    "minCompensationLowEnd": null,
    "minCompensationHighEnd": null,
    "maxCompensationLowEnd": null,
    "maxCompensationHighEnd": null,
    "restrictJobsToTransparentSalaries": false,
    "calcFrequency": "Yearly",
    "commitmentTypes": [
      "Full Time",
      "Part Time",
      "Contract",
      "Internship",
      "Temporary",
      "Seasonal",
      "Volunteer"
    ],
    "jobTitleQuery": "",
    "jobDescriptionQuery": "",
    "associatesDegreeFieldsOfStudy": [],
    "excludedAssociatesDegreeFieldsOfStudy": [],
    "bachelorsDegreeFieldsOfStudy": [],
    "excludedBachelorsDegreeFieldsOfStudy": [],
    "mastersDegreeFieldsOfStudy": [],
    "excludedMastersDegreeFieldsOfStudy": [],
    "doctorateDegreeFieldsOfStudy": [],
    "excludedDoctorateDegreeFieldsOfStudy": [],
    "associatesDegreeRequirements": [],
    "bachelorsDegreeRequirements": [],
    "mastersDegreeRequirements": [],
    "doctorateDegreeRequirements": [],
    "licensesAndCertifications": [],
    "excludedLicensesAndCertifications": [],
    "excludeAllLicensesAndCertifications": false,
    "seniorityLevel": [
      "No Prior Experience Required",
      "Entry Level",
      "Mid Level",
      "Senior Level"
    ],
    "roleTypes": [
      "Individual Contributor",
      "People Manager"
    ],
    "roleYoeRange": [
      0,
      20
    ],
    "excludeIfRoleYoeIsNotSpecified": false,
    "managementYoeRange": [
      0,
      20
    ],
    "excludeIfManagementYoeIsNotSpecified": false,
    "securityClearances": [
      "None",
      "Confidential",
      "Secret",
      "Top Secret",
      "Top Secret/SCI",
      "Public Trust",
      "Interim Clearances",
      "Other"
    ],
    "languageRequirements": [],
    "excludedLanguageRequirements": [],
    "languageRequirementsOperator": "OR",
    "excludeJobsWithAdditionalLanguageRequirements": false,
    "airTravelRequirement": [
      "None",
      "Minimal",
      "Moderate",
      "Extensive"
    ],
    "landTravelRequirement": [
      "None",
      "Minimal",
      "Moderate",
      "Extensive"
    ],
    "morningShiftWork": [],
    "eveningShiftWork": [],
    "overnightShiftWork": [],
    "weekendAvailabilityRequired": "Doesn't Matter",
    "holidayAvailabilityRequired": "Doesn't Matter",
    "overtimeRequired": "Doesn't Matter",
    "onCallRequirements": [
      "None",
      "Occasional (once a month or less)",
      "Regular (once a week or more)"
    ],
    "benefitsAndPerks": [],
    "applicationFormEase": [],
    "companyNames": [],
    "excludedCompanyNames": [],
    "usaGovPref": null,
    "industries": [],
    "excludedIndustries": [],
    "companyKeywords": [],
    "companyKeywordsBooleanOperator": "OR",
    "excludedCompanyKeywords": [],
    "hideJobTypes": [],
    "encouragedToApply": [],
    "searchQuery": "",
    "dateFetchedPastNDays": 121,
    "hiddenCompanies": [],
    "user": null,
    "searchModeSelectedCompany": null,
    "departments": [],
    "restrictedSearchAttributes": [],
    "sortBy": "default",
    "technologyKeywordsQuery": "",
    "requirementsKeywordsQuery": "",
    "companyPublicOrPrivate": "all",
    "latestInvestmentYearRange": [
      null,
      null
    ],
    "latestInvestmentSeries": [],
    "latestInvestmentAmount": null,
    "latestInvestmentCurrency": [],
    "investors": [],
    "excludedInvestors": [],
    "isNonProfit": "all",
    "companySizeRanges": [],
    "minYearFounded": null,
    "maxYearFounded": null,
    "excludedLatestInvestmentSeries": []
  }
}
Making POST request to https://hiring.cafe/api/search-jobs...
Headers: {
  "Accept": "application/json, text/plain, */*",
  "Accept-Language": "en-US,en;q=0.9",
  "Accept-Encoding": "gzip, deflate, br",
  "Content-Type": "application/json",
  "Origin": "https://hiring.cafe",
  "Referer": "https://hiring.cafe/",
  "User-Agent": "Mozilla/5.0 (Windows NT 10.0; Win64; x64) AppleWebKit/537.36 (KHTML, like Gecko) Chrome/122.0.0.0 Safari/537.36",
  "Sec-Ch-Ua": "\"Chromium\";v=\"122\", \"Not(A:Brand\";v=\"24\", \"Google Chrome\";v=\"122\"",
  "Sec-Ch-Ua-Mobile": "?0",
  "Sec-Ch-Ua-Platform": "\"Windows\"",
  "Sec-Fetch-Dest": "empty",
  "Sec-Fetch-Mode": "cors",
  "Sec-Fetch-Site": "same-origin"
}
A request error occurred: HTTPSConnectionPool(host='hiring.cafe', port=443): Read timed out.

2025-06-20 17:34:47,027 - INFO - Starting daily scraper run...
2025-06-20 17:35:16,635 - INFO - Scraper completed successfully!
2025-06-20 17:35:16,636 - INFO - Output: Loading page...
Page loaded. Waiting for network requests...
Processing 562 performance logs...
Found request to: https://hiring.cafe/api/search-jobs/get-total-count
Intercepted payload: {"searchState":{"locations":[{"formatted_address":"United States","types":["country"],"geometry":{"location":{"lat":"40.0146","lon":"-75.7136"}},"id":"user_country","address_components":[{"long_name":"United States","short_name":"US","types":["country"]}],"options":{"flexible_regions":["anywhere_in_continent","anywhere_in_world"]}}],"workplaceTypes":["Remote","Hybrid","Onsite"],"defaultToUserLocation":true,"userLocation":null,"physicalEnvironments":["Office","Outdoor","Vehicle","Industrial","Customer-Facing"],"physicalLaborIntensity":["Low","Medium","High"],"physicalPositions":["Sitting","Standing"],"oralCommunicationLevels":["Low","Medium","High"],"computerUsageLevels":["Low","Medium","High"],"cognitiveDemandLevels":["Low","Medium","High"],"currency":{"label":"Any","value":null},"frequency":{"label":"Any","value":null},"minCompensationLowEnd":null,"minCompensationHighEnd":null,"maxCompensationLowEnd":null,"maxCompensationHighEnd":null,"restrictJobsToTransparentSalaries":false,"calcFrequency":"Yearly","commitmentTypes":["Full Time","Part Time","Contract","Internship","Temporary","Seasonal","Volunteer"],"jobTitleQuery":"","jobDescriptionQuery":"","associatesDegreeFieldsOfStudy":[],"excludedAssociatesDegreeFieldsOfStudy":[],"bachelorsDegreeFieldsOfStudy":[],"excludedBachelorsDegreeFieldsOfStudy":[],"mastersDegreeFieldsOfStudy":[],"excludedMastersDegreeFieldsOfStudy":[],"doctorateDegreeFieldsOfStudy":[],"excludedDoctorateDegreeFieldsOfStudy":[],"associatesDegreeRequirements":[],"bachelorsDegreeRequirements":[],"mastersDegreeRequirements":[],"doctorateDegreeRequirements":[],"licensesAndCertifications":[],"excludedLicensesAndCertifications":[],"excludeAllLicensesAndCertifications":false,"seniorityLevel":["No Prior Experience Required","Entry Level","Mid Level","Senior Level"],"roleTypes":["Individual Contributor","People Manager"],"roleYoeRange":[0,20],"excludeIfRoleYoeIsNotSpecified":false,"managementYoeRange":[0,20],"excludeIfManagementYoeIsNotSpecified":false,"securityClearances":["None","Confidential","Secret","Top Secret","Top Secret/SCI","Public Trust","Interim Clearances","Other"],"languageRequirements":[],"excludedLanguageRequirements":[],"languageRequirementsOperator":"OR","excludeJobsWithAdditionalLanguageRequirements":false,"airTravelRequirement":["None","Minimal","Moderate","Extensive"],"landTravelRequirement":["None","Minimal","Moderate","Extensive"],"morningShiftWork":[],"eveningShiftWork":[],"overnightShiftWork":[],"weekendAvailabilityRequired":"Doesn't Matter","holidayAvailabilityRequired":"Doesn't Matter","overtimeRequired":"Doesn't Matter","onCallRequirements":["None","Occasional (once a month or less)","Regular (once a week or more)"],"benefitsAndPerks":[],"applicationFormEase":[],"companyNames":[],"excludedCompanyNames":[],"usaGovPref":null,"industries":[],"excludedIndustries":[],"companyKeywords":[],"companyKeywordsBooleanOperator":"OR","excludedCompanyKeywords":[],"hideJobTypes":[],"encouragedToApply":[],"searchQuery":"","dateFetchedPastNDays":121,"hiddenCompanies":[],"user":null,"searchModeSelectedCompany":null,"departments":[],"restrictedSearchAttributes":[],"sortBy":"default","technologyKeywordsQuery":"","requirementsKeywordsQuery":"","companyPublicOrPrivate":"all","latestInvestmentYearRange":[null,null],"latestInvestmentSeries":[],"latestInvestmentAmount":null,"latestInvestmentCurrency":[],"investors":[],"excludedInvestors":[],"isNonProfit":"all","companySizeRanges":[],"minYearFounded":null,"maxYearFounded":null,"excludedLatestInvestmentSeries":[]}}
Got 1 cookies from Selenium
Using intercepted payload
Final payload: {
  "searchState": {
    "locations": [
      {
        "formatted_address": "United States",
        "types": [
          "country"
        ],
        "geometry": {
          "location": {
            "lat": "40.0146",
            "lon": "-75.7136"
          }
        },
        "id": "user_country",
        "address_components": [
          {
            "long_name": "United States",
            "short_name": "US",
            "types": [
              "country"
            ]
          }
        ],
        "options": {
          "flexible_regions": [
            "anywhere_in_continent",
            "anywhere_in_world"
          ]
        }
      }
    ],
    "workplaceTypes": [
      "Remote",
      "Hybrid",
      "Onsite"
    ],
    "defaultToUserLocation": true,
    "userLocation": null,
    "physicalEnvironments": [
      "Office",
      "Outdoor",
      "Vehicle",
      "Industrial",
      "Customer-Facing"
    ],
    "physicalLaborIntensity": [
      "Low",
      "Medium",
      "High"
    ],
    "physicalPositions": [
      "Sitting",
      "Standing"
    ],
    "oralCommunicationLevels": [
      "Low",
      "Medium",
      "High"
    ],
    "computerUsageLevels": [
      "Low",
      "Medium",
      "High"
    ],
    "cognitiveDemandLevels": [
      "Low",
      "Medium",
      "High"
    ],
    "currency": {
      "label": "Any",
      "value": null
    },
    "frequency": {
      "label": "Any",
      "value": null
    },
    "minCompensationLowEnd": null,
    "minCompensationHighEnd": null,
    "maxCompensationLowEnd": null,
    "maxCompensationHighEnd": null,
    "restrictJobsToTransparentSalaries": false,
    "calcFrequency": "Yearly",
    "commitmentTypes": [
      "Full Time",
      "Part Time",
      "Contract",
      "Internship",
      "Temporary",
      "Seasonal",
      "Volunteer"
    ],
    "jobTitleQuery": "",
    "jobDescriptionQuery": "",
    "associatesDegreeFieldsOfStudy": [],
    "excludedAssociatesDegreeFieldsOfStudy": [],
    "bachelorsDegreeFieldsOfStudy": [],
    "excludedBachelorsDegreeFieldsOfStudy": [],
    "mastersDegreeFieldsOfStudy": [],
    "excludedMastersDegreeFieldsOfStudy": [],
    "doctorateDegreeFieldsOfStudy": [],
    "excludedDoctorateDegreeFieldsOfStudy": [],
    "associatesDegreeRequirements": [],
    "bachelorsDegreeRequirements": [],
    "mastersDegreeRequirements": [],
    "doctorateDegreeRequirements": [],
    "licensesAndCertifications": [],
    "excludedLicensesAndCertifications": [],
    "excludeAllLicensesAndCertifications": false,
    "seniorityLevel": [
      "No Prior Experience Required",
      "Entry Level",
      "Mid Level",
      "Senior Level"
    ],
    "roleTypes": [
      "Individual Contributor",
      "People Manager"
    ],
    "roleYoeRange": [
      0,
      20
    ],
    "excludeIfRoleYoeIsNotSpecified": false,
    "managementYoeRange": [
      0,
      20
    ],
    "excludeIfManagementYoeIsNotSpecified": false,
    "securityClearances": [
      "None",
      "Confidential",
      "Secret",
      "Top Secret",
      "Top Secret/SCI",
      "Public Trust",
      "Interim Clearances",
      "Other"
    ],
    "languageRequirements": [],
    "excludedLanguageRequirements": [],
    "languageRequirementsOperator": "OR",
    "excludeJobsWithAdditionalLanguageRequirements": false,
    "airTravelRequirement": [
      "None",
      "Minimal",
      "Moderate",
      "Extensive"
    ],
    "landTravelRequirement": [
      "None",
      "Minimal",
      "Moderate",
      "Extensive"
    ],
    "morningShiftWork": [],
    "eveningShiftWork": [],
    "overnightShiftWork": [],
    "weekendAvailabilityRequired": "Doesn't Matter",
    "holidayAvailabilityRequired": "Doesn't Matter",
    "overtimeRequired": "Doesn't Matter",
    "onCallRequirements": [
      "None",
      "Occasional (once a month or less)",
      "Regular (once a week or more)"
    ],
    "benefitsAndPerks": [],
    "applicationFormEase": [],
    "companyNames": [],
    "excludedCompanyNames": [],
    "usaGovPref": null,
    "industries": [],
    "excludedIndustries": [],
    "companyKeywords": [],
    "companyKeywordsBooleanOperator": "OR",
    "excludedCompanyKeywords": [],
    "hideJobTypes": [],
    "encouragedToApply": [],
    "searchQuery": "",
    "dateFetchedPastNDays": 121,
    "hiddenCompanies": [],
    "user": null,
    "searchModeSelectedCompany": null,
    "departments": [],
    "restrictedSearchAttributes": [],
    "sortBy": "default",
    "technologyKeywordsQuery": "",
    "requirementsKeywordsQuery": "",
    "companyPublicOrPrivate": "all",
    "latestInvestmentYearRange": [
      null,
      null
    ],
    "latestInvestmentSeries": [],
    "latestInvestmentAmount": null,
    "latestInvestmentCurrency": [],
    "investors": [],
    "excludedInvestors": [],
    "isNonProfit": "all",
    "companySizeRanges": [],
    "minYearFounded": null,
    "maxYearFounded": null,
    "excludedLatestInvestmentSeries": []
  }
}
Making POST request to https://hiring.cafe/api/search-jobs...
Headers: {
  "Accept": "application/json, text/plain, */*",
  "Accept-Language": "en-US,en;q=0.9",
  "Accept-Encoding": "gzip, deflate, br",
  "Content-Type": "application/json",
  "Origin": "https://hiring.cafe",
  "Referer": "https://hiring.cafe/",
  "User-Agent": "Mozilla/5.0 (Windows NT 10.0; Win64; x64) AppleWebKit/537.36 (KHTML, like Gecko) Chrome/122.0.0.0 Safari/537.36",
  "Sec-Ch-Ua": "\"Chromium\";v=\"122\", \"Not(A:Brand\";v=\"24\", \"Google Chrome\";v=\"122\"",
  "Sec-Ch-Ua-Mobile": "?0",
  "Sec-Ch-Ua-Platform": "\"Windows\"",
  "Sec-Fetch-Dest": "empty",
  "Sec-Fetch-Mode": "cors",
  "Sec-Fetch-Site": "same-origin"
}
Response status: 200
Response headers: {'Cache-Control': 'public, max-age=0, must-revalidate', 'Content-Encoding': 'br', 'Content-Type': 'application/json; charset=utf-8', 'Date': 'Fri, 20 Jun 2025 21:37:38 GMT', 'Etag': 'W/"acuawflv7i1ndjm"', 'Server': 'Vercel', 'Strict-Transport-Security': 'max-age=63072000', 'X-Matched-Path': '/api/search-jobs', 'X-Vercel-Cache': 'MISS', 'X-Vercel-Id': 'iad1::cle1::tm9sj-1750455458160-8a50480371fc', 'X-Vercel-Ip-As-Number': '701', 'X-Vercel-Ip-City': 'Downingtown', 'X-Vercel-Ip-Continent': 'NA', 'X-Vercel-Ip-Country': 'US', 'X-Vercel-Ip-Country-Region': 'PA', 'X-Vercel-Ip-Latitude': '40.0146', 'X-Vercel-Ip-Longitude': '-75.7136', 'X-Vercel-Ip-Postal-Code': '19335', 'X-Vercel-Ip-Timezone': 'America/New_York', 'Transfer-Encoding': 'chunked'}
Success!
Response saved to src/data/jobs_data.json

2025-06-21 11:23:52,086 - INFO - Starting daily scraper run...
2025-06-21 11:24:21,097 - INFO - Scraper completed successfully!
2025-06-21 11:24:21,097 - INFO - Output: Loading page...
Page loaded. Waiting for network requests...
Processing 558 performance logs...
Found request to: https://hiring.cafe/api/search-jobs/get-total-count
Intercepted payload: {"searchState":{"locations":[{"formatted_address":"United States","types":["country"],"geometry":{"location":{"lat":"40.0146","lon":"-75.7136"}},"id":"user_country","address_components":[{"long_name":"United States","short_name":"US","types":["country"]}],"options":{"flexible_regions":["anywhere_in_continent","anywhere_in_world"]}}],"workplaceTypes":["Remote","Hybrid","Onsite"],"defaultToUserLocation":true,"userLocation":null,"physicalEnvironments":["Office","Outdoor","Vehicle","Industrial","Customer-Facing"],"physicalLaborIntensity":["Low","Medium","High"],"physicalPositions":["Sitting","Standing"],"oralCommunicationLevels":["Low","Medium","High"],"computerUsageLevels":["Low","Medium","High"],"cognitiveDemandLevels":["Low","Medium","High"],"currency":{"label":"Any","value":null},"frequency":{"label":"Any","value":null},"minCompensationLowEnd":null,"minCompensationHighEnd":null,"maxCompensationLowEnd":null,"maxCompensationHighEnd":null,"restrictJobsToTransparentSalaries":false,"calcFrequency":"Yearly","commitmentTypes":["Full Time","Part Time","Contract","Internship","Temporary","Seasonal","Volunteer"],"jobTitleQuery":"","jobDescriptionQuery":"","associatesDegreeFieldsOfStudy":[],"excludedAssociatesDegreeFieldsOfStudy":[],"bachelorsDegreeFieldsOfStudy":[],"excludedBachelorsDegreeFieldsOfStudy":[],"mastersDegreeFieldsOfStudy":[],"excludedMastersDegreeFieldsOfStudy":[],"doctorateDegreeFieldsOfStudy":[],"excludedDoctorateDegreeFieldsOfStudy":[],"associatesDegreeRequirements":[],"bachelorsDegreeRequirements":[],"mastersDegreeRequirements":[],"doctorateDegreeRequirements":[],"licensesAndCertifications":[],"excludedLicensesAndCertifications":[],"excludeAllLicensesAndCertifications":false,"seniorityLevel":["No Prior Experience Required","Entry Level","Mid Level","Senior Level"],"roleTypes":["Individual Contributor","People Manager"],"roleYoeRange":[0,20],"excludeIfRoleYoeIsNotSpecified":false,"managementYoeRange":[0,20],"excludeIfManagementYoeIsNotSpecified":false,"securityClearances":["None","Confidential","Secret","Top Secret","Top Secret/SCI","Public Trust","Interim Clearances","Other"],"languageRequirements":[],"excludedLanguageRequirements":[],"languageRequirementsOperator":"OR","excludeJobsWithAdditionalLanguageRequirements":false,"airTravelRequirement":["None","Minimal","Moderate","Extensive"],"landTravelRequirement":["None","Minimal","Moderate","Extensive"],"morningShiftWork":[],"eveningShiftWork":[],"overnightShiftWork":[],"weekendAvailabilityRequired":"Doesn't Matter","holidayAvailabilityRequired":"Doesn't Matter","overtimeRequired":"Doesn't Matter","onCallRequirements":["None","Occasional (once a month or less)","Regular (once a week or more)"],"benefitsAndPerks":[],"applicationFormEase":[],"companyNames":[],"excludedCompanyNames":[],"usaGovPref":null,"industries":[],"excludedIndustries":[],"companyKeywords":[],"companyKeywordsBooleanOperator":"OR","excludedCompanyKeywords":[],"hideJobTypes":[],"encouragedToApply":[],"searchQuery":"","dateFetchedPastNDays":121,"hiddenCompanies":[],"user":null,"searchModeSelectedCompany":null,"departments":[],"restrictedSearchAttributes":[],"sortBy":"default","technologyKeywordsQuery":"","requirementsKeywordsQuery":"","companyPublicOrPrivate":"all","latestInvestmentYearRange":[null,null],"latestInvestmentSeries":[],"latestInvestmentAmount":null,"latestInvestmentCurrency":[],"investors":[],"excludedInvestors":[],"isNonProfit":"all","companySizeRanges":[],"minYearFounded":null,"maxYearFounded":null,"excludedLatestInvestmentSeries":[]}}
Got 1 cookies from Selenium
Using intercepted payload
Final payload: {
  "searchState": {
    "locations": [
      {
        "formatted_address": "United States",
        "types": [
          "country"
        ],
        "geometry": {
          "location": {
            "lat": "40.0146",
            "lon": "-75.7136"
          }
        },
        "id": "user_country",
        "address_components": [
          {
            "long_name": "United States",
            "short_name": "US",
            "types": [
              "country"
            ]
          }
        ],
        "options": {
          "flexible_regions": [
            "anywhere_in_continent",
            "anywhere_in_world"
          ]
        }
      }
    ],
    "workplaceTypes": [
      "Remote",
      "Hybrid",
      "Onsite"
    ],
    "defaultToUserLocation": true,
    "userLocation": null,
    "physicalEnvironments": [
      "Office",
      "Outdoor",
      "Vehicle",
      "Industrial",
      "Customer-Facing"
    ],
    "physicalLaborIntensity": [
      "Low",
      "Medium",
      "High"
    ],
    "physicalPositions": [
      "Sitting",
      "Standing"
    ],
    "oralCommunicationLevels": [
      "Low",
      "Medium",
      "High"
    ],
    "computerUsageLevels": [
      "Low",
      "Medium",
      "High"
    ],
    "cognitiveDemandLevels": [
      "Low",
      "Medium",
      "High"
    ],
    "currency": {
      "label": "Any",
      "value": null
    },
    "frequency": {
      "label": "Any",
      "value": null
    },
    "minCompensationLowEnd": null,
    "minCompensationHighEnd": null,
    "maxCompensationLowEnd": null,
    "maxCompensationHighEnd": null,
    "restrictJobsToTransparentSalaries": false,
    "calcFrequency": "Yearly",
    "commitmentTypes": [
      "Full Time",
      "Part Time",
      "Contract",
      "Internship",
      "Temporary",
      "Seasonal",
      "Volunteer"
    ],
    "jobTitleQuery": "",
    "jobDescriptionQuery": "",
    "associatesDegreeFieldsOfStudy": [],
    "excludedAssociatesDegreeFieldsOfStudy": [],
    "bachelorsDegreeFieldsOfStudy": [],
    "excludedBachelorsDegreeFieldsOfStudy": [],
    "mastersDegreeFieldsOfStudy": [],
    "excludedMastersDegreeFieldsOfStudy": [],
    "doctorateDegreeFieldsOfStudy": [],
    "excludedDoctorateDegreeFieldsOfStudy": [],
    "associatesDegreeRequirements": [],
    "bachelorsDegreeRequirements": [],
    "mastersDegreeRequirements": [],
    "doctorateDegreeRequirements": [],
    "licensesAndCertifications": [],
    "excludedLicensesAndCertifications": [],
    "excludeAllLicensesAndCertifications": false,
    "seniorityLevel": [
      "No Prior Experience Required",
      "Entry Level",
      "Mid Level",
      "Senior Level"
    ],
    "roleTypes": [
      "Individual Contributor",
      "People Manager"
    ],
    "roleYoeRange": [
      0,
      20
    ],
    "excludeIfRoleYoeIsNotSpecified": false,
    "managementYoeRange": [
      0,
      20
    ],
    "excludeIfManagementYoeIsNotSpecified": false,
    "securityClearances": [
      "None",
      "Confidential",
      "Secret",
      "Top Secret",
      "Top Secret/SCI",
      "Public Trust",
      "Interim Clearances",
      "Other"
    ],
    "languageRequirements": [],
    "excludedLanguageRequirements": [],
    "languageRequirementsOperator": "OR",
    "excludeJobsWithAdditionalLanguageRequirements": false,
    "airTravelRequirement": [
      "None",
      "Minimal",
      "Moderate",
      "Extensive"
    ],
    "landTravelRequirement": [
      "None",
      "Minimal",
      "Moderate",
      "Extensive"
    ],
    "morningShiftWork": [],
    "eveningShiftWork": [],
    "overnightShiftWork": [],
    "weekendAvailabilityRequired": "Doesn't Matter",
    "holidayAvailabilityRequired": "Doesn't Matter",
    "overtimeRequired": "Doesn't Matter",
    "onCallRequirements": [
      "None",
      "Occasional (once a month or less)",
      "Regular (once a week or more)"
    ],
    "benefitsAndPerks": [],
    "applicationFormEase": [],
    "companyNames": [],
    "excludedCompanyNames": [],
    "usaGovPref": null,
    "industries": [],
    "excludedIndustries": [],
    "companyKeywords": [],
    "companyKeywordsBooleanOperator": "OR",
    "excludedCompanyKeywords": [],
    "hideJobTypes": [],
    "encouragedToApply": [],
    "searchQuery": "",
    "dateFetchedPastNDays": 121,
    "hiddenCompanies": [],
    "user": null,
    "searchModeSelectedCompany": null,
    "departments": [],
    "restrictedSearchAttributes": [],
    "sortBy": "default",
    "technologyKeywordsQuery": "",
    "requirementsKeywordsQuery": "",
    "companyPublicOrPrivate": "all",
    "latestInvestmentYearRange": [
      null,
      null
    ],
    "latestInvestmentSeries": [],
    "latestInvestmentAmount": null,
    "latestInvestmentCurrency": [],
    "investors": [],
    "excludedInvestors": [],
    "isNonProfit": "all",
    "companySizeRanges": [],
    "minYearFounded": null,
    "maxYearFounded": null,
    "excludedLatestInvestmentSeries": []
  }
}
Making POST request to https://hiring.cafe/api/search-jobs...
Headers: {
  "Accept": "application/json, text/plain, */*",
  "Accept-Language": "en-US,en;q=0.9",
  "Accept-Encoding": "gzip, deflate, br",
  "Content-Type": "application/json",
  "Origin": "https://hiring.cafe",
  "Referer": "https://hiring.cafe/",
  "User-Agent": "Mozilla/5.0 (Windows NT 10.0; Win64; x64) AppleWebKit/537.36 (KHTML, like Gecko) Chrome/122.0.0.0 Safari/537.36",
  "Sec-Ch-Ua": "\"Chromium\";v=\"122\", \"Not(A:Brand\";v=\"24\", \"Google Chrome\";v=\"122\"",
  "Sec-Ch-Ua-Mobile": "?0",
  "Sec-Ch-Ua-Platform": "\"Windows\"",
  "Sec-Fetch-Dest": "empty",
  "Sec-Fetch-Mode": "cors",
  "Sec-Fetch-Site": "same-origin"
}
Response status: 200
Response headers: {'Cache-Control': 'public, max-age=0, must-revalidate', 'Content-Encoding': 'br', 'Content-Type': 'application/json; charset=utf-8', 'Date': 'Sat, 21 Jun 2025 15:26:42 GMT', 'Etag': 'W/"bigpkrrjs71plyw"', 'Server': 'Vercel', 'Strict-Transport-Security': 'max-age=63072000', 'X-Matched-Path': '/api/search-jobs', 'X-Vercel-Cache': 'MISS', 'X-Vercel-Id': 'iad1::cle1::xm6nh-1750519601979-b218a542fa64', 'X-Vercel-Ip-As-Number': '701', 'X-Vercel-Ip-City': 'Downingtown', 'X-Vercel-Ip-Continent': 'NA', 'X-Vercel-Ip-Country': 'US', 'X-Vercel-Ip-Country-Region': 'PA', 'X-Vercel-Ip-Latitude': '40.0146', 'X-Vercel-Ip-Longitude': '-75.7136', 'X-Vercel-Ip-Postal-Code': '19335', 'X-Vercel-Ip-Timezone': 'America/New_York', 'Transfer-Encoding': 'chunked'}
Success!
Response saved to src/data/jobs_data.json

